2025-02-25 11:06:11,614 [   ERROR] READ.ETL:62 DLD_URL environment variable not set.
2025-02-25 11:06:48,130 [   ERROR] READ.ETL:70 DLD_URL environment variable not set.
2025-02-25 11:08:31,582 [   ERROR] READ.ETL:69 DLD_URL environment variable not set.
2025-02-25 11:09:09,768 [   ERROR] READ.ETL:69 DLD_URL environment variable not set.
2025-02-25 11:09:09,769 [   ERROR] READ.ETL:75 An error occurred in the ETL process.
2025-02-25 11:12:16,105 [   ERROR] READ.ETL:75 An error occurred in the ETL process.
2026-02-15 12:10:21,965 [    INFO] READ.ETL:225 ============================================================
2026-02-15 12:10:21,965 [    INFO] READ.ETL:226 DUBAI RENTAL MARKET ETL PIPELINE
2026-02-15 12:10:21,965 [    INFO] READ.ETL:227 Medallion Architecture: Bronze -> Silver -> Gold
2026-02-15 12:10:21,965 [    INFO] READ.ETL:228 Optimized: Single parquet + Virtual views
2026-02-15 12:10:21,965 [    INFO] READ.ETL:231 ============================================================
2026-02-15 12:10:21,965 [   ERROR] READ.ETL:236 DLD_URL environment variable not set.
2026-02-15 12:14:35,825 [    INFO] READ.ETL:225 ============================================================
2026-02-15 12:14:35,825 [    INFO] READ.ETL:226 DUBAI RENTAL MARKET ETL PIPELINE
2026-02-15 12:14:35,825 [    INFO] READ.ETL:227 Medallion Architecture: Bronze -> Silver -> Gold
2026-02-15 12:14:35,825 [    INFO] READ.ETL:228 Optimized: Single parquet + Virtual views
2026-02-15 12:14:35,825 [    INFO] READ.ETL:231 ============================================================
2026-02-15 12:14:35,825 [    INFO] READ.ETL:47 === PHASE: Download ===
2026-02-15 12:14:35,825 [    INFO] READ.ETL:53 Downloading from https://www.dubaipulse.gov.ae/data/dld-registration/dld_rent_contracts-open to output/rent_contracts_2026-02-15.csv
2026-02-16 19:41:26,542 [    INFO] READ.ETL:217 ============================================================
2026-02-16 19:41:26,542 [    INFO] READ.ETL:218 DUBAI RENTAL MARKET ETL PIPELINE
2026-02-16 19:41:26,542 [    INFO] READ.ETL:219 Medallion Architecture: Bronze -> Silver -> Gold
2026-02-16 19:41:26,542 [    INFO] READ.ETL:220 Optimized: Single parquet + Virtual views
2026-02-16 19:41:26,542 [    INFO] READ.ETL:223 ============================================================
2026-02-16 19:41:26,543 [    INFO] READ.ETL:47 === PHASE: Download ===
2026-02-16 19:41:26,543 [    INFO] READ.ETL:53 Downloading from https://www.dubaipulse.gov.ae/data/dld-registration/dld_rent_contracts-open to output/rent_contracts_2026-02-16.csv
2026-02-16 19:41:47,993 [    INFO] READ.ETL:217 ============================================================
2026-02-16 19:41:47,993 [    INFO] READ.ETL:218 DUBAI RENTAL MARKET ETL PIPELINE
2026-02-16 19:41:47,993 [    INFO] READ.ETL:219 Medallion Architecture: Bronze -> Silver -> Gold
2026-02-16 19:41:47,993 [    INFO] READ.ETL:220 Optimized: Single parquet + Virtual views
2026-02-16 19:41:47,993 [    INFO] READ.ETL:223 ============================================================
2026-02-16 19:41:47,993 [    INFO] READ.ETL:77 === MEDALLION ARCHITECTURE PIPELINE ===
2026-02-16 19:41:48,001 [   ERROR] READ.ETL:157 Medallion pipeline failed: IO Error: Could not set lock on file "/Users/gaurav/passion-projects/rental-market-dynamics-dubai/rental_data.db": Conflicting lock is held in /Applications/DBeaver.app/Contents/MacOS/dbeaver (PID 454) by user gaurav. See also https://duckdb.org/docs/stable/connect/concurrency
2026-02-16 19:41:48,001 [   ERROR] READ.ETL:269 ETL pipeline failed: IO Error: Could not set lock on file "/Users/gaurav/passion-projects/rental-market-dynamics-dubai/rental_data.db": Conflicting lock is held in /Applications/DBeaver.app/Contents/MacOS/dbeaver (PID 454) by user gaurav. See also https://duckdb.org/docs/stable/connect/concurrency
2026-02-16 19:41:53,439 [    INFO] READ.ETL:217 ============================================================
2026-02-16 19:41:53,439 [    INFO] READ.ETL:218 DUBAI RENTAL MARKET ETL PIPELINE
2026-02-16 19:41:53,439 [    INFO] READ.ETL:219 Medallion Architecture: Bronze -> Silver -> Gold
2026-02-16 19:41:53,439 [    INFO] READ.ETL:220 Optimized: Single parquet + Virtual views
2026-02-16 19:41:53,439 [    INFO] READ.ETL:223 ============================================================
2026-02-16 19:41:53,439 [    INFO] READ.ETL:77 === MEDALLION ARCHITECTURE PIPELINE ===
2026-02-16 19:41:53,442 [   ERROR] READ.ETL:157 Medallion pipeline failed: IO Error: Could not set lock on file "/Users/gaurav/passion-projects/rental-market-dynamics-dubai/rental_data.db": Conflicting lock is held in /Applications/DBeaver.app/Contents/MacOS/dbeaver (PID 454) by user gaurav. See also https://duckdb.org/docs/stable/connect/concurrency
2026-02-16 19:41:53,442 [   ERROR] READ.ETL:269 ETL pipeline failed: IO Error: Could not set lock on file "/Users/gaurav/passion-projects/rental-market-dynamics-dubai/rental_data.db": Conflicting lock is held in /Applications/DBeaver.app/Contents/MacOS/dbeaver (PID 454) by user gaurav. See also https://duckdb.org/docs/stable/connect/concurrency
2026-02-17 09:58:32,560 [    INFO] READ.ETL:150 ============================================================
2026-02-17 09:58:32,560 [    INFO] READ.ETL:151 DUBAI RENTAL MARKET ETL PIPELINE
2026-02-17 09:58:32,560 [    INFO] READ.ETL:152 Workflow: Download -> Transform -> Analyze -> Publish
2026-02-17 09:58:32,560 [    INFO] READ.ETL:153 ============================================================
2026-02-17 09:58:32,560 [    INFO] READ.ETL:45 === PHASE 1: DOWNLOAD ===
2026-02-17 09:58:32,560 [    INFO] READ.ETL:51 Downloading from https://www.dubaipulse.gov.ae/data/dld-registration/dld_rent_contracts-open to output/rent_contracts_2026-02-17.csv
2026-02-17 10:23:14,621 [    INFO] READ.ETL:150 ============================================================
2026-02-17 10:23:14,622 [    INFO] READ.ETL:151 DUBAI RENTAL MARKET ETL PIPELINE
2026-02-17 10:23:14,622 [    INFO] READ.ETL:152 Workflow: Download -> Transform -> Analyze -> Publish
2026-02-17 10:23:14,622 [    INFO] READ.ETL:153 ============================================================
2026-02-17 10:23:14,622 [    INFO] READ.ETL:45 === PHASE 1: DOWNLOAD ===
2026-02-17 10:23:14,622 [    INFO] READ.ETL:48 File already exists: output/rent_contracts_2026-02-17.csv. Skipping download.
2026-02-17 10:23:14,622 [    INFO] READ.ETL:75 === PHASE 2: TRANSFORM ===
2026-02-17 10:23:17,053 [    INFO] READ.ETL:80 Transformation complete: rent_contracts_20260217.parquet
2026-02-17 10:23:17,054 [    INFO] READ.ETL:100 === PHASE 3: ANALYZE ===
2026-02-17 10:23:17,180 [    INFO] READ.ETL:105 Analysis complete: property_usage_20260217.csv
2026-02-17 10:23:17,180 [    INFO] READ.ETL:195 Skipping GitHub publication (GH_TOKEN not set)
2026-02-17 10:23:17,181 [    INFO] READ.ETL:197 ============================================================
2026-02-17 10:23:17,181 [    INFO] READ.ETL:198 ETL PIPELINE COMPLETED SUCCESSFULLY
2026-02-17 10:23:17,181 [    INFO] READ.ETL:199 Output files:
2026-02-17 10:23:17,181 [    INFO] READ.ETL:200   - Parquet: rent_contracts_20260217.parquet
2026-02-17 10:23:17,181 [    INFO] READ.ETL:201   - Report:  property_usage_20260217.csv
2026-02-17 10:23:17,181 [    INFO] READ.ETL:202 ============================================================
2026-09-13 10:57:49,272 [    INFO] READ.ETL:152 ============================================================
2026-09-13 10:57:49,272 [    INFO] READ.ETL:153 DUBAI RENTAL MARKET ETL PIPELINE
2026-09-13 10:57:49,272 [    INFO] READ.ETL:154 Workflow: Download -> Transform -> Analyze -> Publish
2026-09-13 10:57:49,272 [    INFO] READ.ETL:155 ============================================================
2026-09-13 10:57:49,272 [    INFO] READ.ETL:46 === PHASE 1: DOWNLOAD ===
2026-09-13 10:57:49,272 [    INFO] READ.ETL:52 Downloading from https://gateway.dubailand.gov.ae/open-data/transactions to output/transactions_2026-09-13.csv
2026-09-13 10:58:55,929 [    INFO] READ.ETL:152 ============================================================
2026-09-13 10:58:55,929 [    INFO] READ.ETL:153 DUBAI RENTAL MARKET ETL PIPELINE
2026-09-13 10:58:55,929 [    INFO] READ.ETL:154 Workflow: Download -> Transform -> Analyze -> Publish
2026-09-13 10:58:55,929 [    INFO] READ.ETL:155 ============================================================
2026-09-13 10:58:55,929 [    INFO] READ.ETL:46 === PHASE 1: DOWNLOAD ===
2026-09-13 10:58:55,929 [    INFO] READ.ETL:49 File already exists: output/transactions_2026-09-13.csv. Skipping download.
2026-09-13 10:58:55,929 [    INFO] READ.ETL:68 === PHASE 2: TRANSFORM ===
2026-09-13 10:58:55,945 [    INFO] READ.ETL:82 Transformation complete: transactions_20260913.parquet (gateway)
2026-09-13 10:58:55,945 [    INFO] READ.ETL:194 Skipping GitHub publication (GH_TOKEN not set)
2026-09-13 10:58:55,945 [    INFO] READ.ETL:196 ============================================================
2026-09-13 10:58:55,945 [    INFO] READ.ETL:197 ETL PIPELINE COMPLETED SUCCESSFULLY
2026-09-13 10:58:55,945 [    INFO] READ.ETL:198 Output files:
2026-09-13 10:58:55,945 [    INFO] READ.ETL:199   - Parquet: transactions_20260913.parquet
2026-09-13 10:58:55,945 [    INFO] READ.ETL:202 ============================================================
2026-09-13 11:58:13,894 [    INFO] READ.ETL:53 === PHASE 2: TRANSFORM ===
2026-09-13 11:58:13,902 [    INFO] READ.ETL:56 Transformation complete: /tmp/rents_pipe.parquet
